/home/yihengcai0006/yihengcai_ucl_essay_work/thesis_features_analysis/scripts/01_build_feature_barrier_table.py:511: PerformanceWarning: DataFrame is highly fragmented.  This is usually the result of calling `frame.insert` many times, which has poor performance.  Consider joining all columns at once using pd.concat(axis=1) instead. To get a de-fragmented frame, use `newframe = frame.copy()`
  merged["group"] = (
Building feature–barrier table for batch0100...

Parsing predicted barriers...
Parsed barriers: 100
count    100.000000
mean      29.128280
std        1.736408
min       25.418000
25%       27.941750
50%       29.621000
75%       30.463000
max       32.232000

Reading feature parquet files...
Found 100 parquet feature files
Read 10/100 files
Read 20/100 files
Read 30/100 files
Read 40/100 files
Read 50/100 files
Read 60/100 files
Read 70/100 files
Read 80/100 files
Read 90/100 files
Read 100/100 files

Concatenating all feature rows using the union of columns...
Feature table shape: (100, 83277)

Feature IDs without barriers: 0
Barrier IDs without features: 0

Merging features with barriers...
Merged table shape: (100, 83279)

Group counts:
group
high      57
low       26
middle    17

Barrier summary by group:
        count       mean       std     min     25%      50%       75%     max
group                                                                        
high     57.0  30.422421  0.703272  29.068  29.812  30.3620  30.89000  32.232
low      26.0  26.706692  0.773768  25.418  26.167  26.6675  27.37325  27.958
middle   17.0  28.492706  0.254211  28.111  28.224  28.5540  28.69600  28.908

Saved:
/home/yihengcai0006/yihengcai_ucl_essay_work/thesis_features_analysis/results/batch0100/tables/matched_barriers.tsv
/home/yihengcai0006/yihengcai_ucl_essay_work/thesis_features_analysis/results/batch0100/tables/feature_table.parquet
/home/yihengcai0006/yihengcai_ucl_essay_work/thesis_features_analysis/results/batch0100/tables/features_with_barriers.parquet
/home/yihengcai0006/yihengcai_ucl_essay_work/thesis_features_analysis/results/batch0100/tables/features_with_barriers_preview.tsv
/home/yihengcai0006/yihengcai_ucl_essay_work/thesis_features_analysis/results/batch0100/tables/feature_ids_without_barriers.txt
/home/yihengcai0006/yihengcai_ucl_essay_work/thesis_features_analysis/results/batch0100/tables/barrier_ids_without_features.txt
/home/yihengcai0006/yihengcai_ucl_essay_work/thesis_features_analysis/results/batch0100/tables/01_build_feature_barrier_table_summary.tsv

Done.
