Reading merged feature table...
Table shape: (100, 83279)

Group counts:
group
high      57
low       26
middle    17

Using clear low/high groups:
low count: 26
high count: 57

Number of feature columns: 83276
Processed 5000/83276 features
Processed 10000/83276 features
Processed 15000/83276 features
Processed 20000/83276 features
Processed 25000/83276 features
Processed 30000/83276 features
Processed 35000/83276 features
Processed 40000/83276 features
Processed 45000/83276 features
Processed 50000/83276 features
Processed 55000/83276 features
Processed 60000/83276 features
Processed 65000/83276 features
Processed 70000/83276 features
Processed 75000/83276 features
Processed 80000/83276 features
Processed 83276/83276 features

Applying all-feature multiple-testing correction...
Saved residue_ligand: 407 features -> /home/yihengcai0006/yihengcai_ucl_essay_work/thesis_features_analysis/results/batch0100/tables/low_high_feature_ranking_residue_ligand.tsv
Saved residue_cofactor: 407 features -> /home/yihengcai0006/yihengcai_ucl_essay_work/thesis_features_analysis/results/batch0100/tables/low_high_feature_ranking_residue_cofactor.tsv
Saved residue_residue: 82461 features -> /home/yihengcai0006/yihengcai_ucl_essay_work/thesis_features_analysis/results/batch0100/tables/low_high_feature_ranking_residue_residue.tsv
Saved cofactor_ligand: 1 features -> /home/yihengcai0006/yihengcai_ucl_essay_work/thesis_features_analysis/results/batch0100/tables/low_high_feature_ranking_cofactor_ligand.tsv

Feature-type summary:
    feature_type  n_features  n_quality_pass  n_welch_fdr_below_0_05  n_mannwhitney_fdr_below_0_05  n_pearson_fdr_below_0_05  median_abs_cohens_d  maximum_abs_cohens_d
 residue_residue       82461           61711                      18                             1                         0             0.162488              1.280961
residue_cofactor         407             346                       1                             0                         0             0.146234              0.969103
  residue_ligand         407             352                       0                             0                         0             0.321739              0.792139
 cofactor_ligand           1               1                       0                             0                         0             0.154989              0.154989

Top 20 quality-passing features:
        feature    feature_type  n_low  n_high  missing_fraction  low_mean  high_mean  difference_high_minus_low  cohens_d  welch_p_value  welch_fdr_bh  mannwhitney_p_value  pearson_corr_with_barrier
  PRO62-PRO1279 residue_residue     26      57          0.000000  7.661808   7.221457                  -0.440351 -1.280961   1.113285e-07      0.001501         1.001496e-07                  -0.473298
 PRO147-PRO1408 residue_residue     24      57          0.024096 40.128750  39.498772                  -0.629978 -1.180188   2.595245e-06      0.023331         6.990657e-06                  -0.510217
  PRO11-PRO1408 residue_residue     24      57          0.024096 27.110041  26.409403                  -0.700638 -1.173007   8.952337e-07      0.010348         6.990657e-06                  -0.490687
  PRO89-PRO1408 residue_residue     24      57          0.024096 31.272081  30.552509                  -0.719572 -1.172235   1.073911e-06      0.010861         3.417764e-06                  -0.486651
 PRO126-PRO1408 residue_residue     24      57          0.024096 43.424789  42.566616                  -0.858173 -1.171953   6.039096e-06      0.033758         3.417338e-06                  -0.462163
  PRO83-PRO1408 residue_residue     24      57          0.024096 34.761166  34.088913                  -0.672253 -1.140427   3.729343e-06      0.029771         2.079690e-05                  -0.476784
  PRO82-PRO1408 residue_residue     24      57          0.024096 32.971584  32.293491                  -0.678093 -1.136052   4.776538e-06      0.032206         2.080133e-05                  -0.473110
  PRO84-PRO1408 residue_residue     24      57          0.024096 38.568920  37.910282                  -0.658638 -1.127159   6.292795e-06      0.033758         2.740131e-05                  -0.474809
PRO1224-PRO1336 residue_residue     26      54          0.036145 45.725307  46.384918                   0.659611  1.125989   1.041153e-04      0.135870         3.108240e-05                   0.434299
  PRO85-PRO1408 residue_residue     24      57          0.024096 38.373875  37.710316                  -0.663559 -1.107784   1.977519e-05      0.061585         1.986046e-05                  -0.475788
  PRO10-PRO1408 residue_residue     24      57          0.024096 25.912333  25.265018                  -0.647314 -1.107545   7.027669e-06      0.033758         2.740131e-05                  -0.463332
 PRO125-PRO1408 residue_residue     24      57          0.024096 38.438873  37.693123                  -0.745750 -1.099674   1.129941e-05      0.048118         1.810081e-05                  -0.446983
 PRO115-PRO1408 residue_residue     24      57          0.024096 37.490459  36.819775                  -0.670685 -1.095092   2.055114e-05      0.061585         4.206794e-05                  -0.454817
 PRO148-PRO1408 residue_residue     24      57          0.024096 42.814331  42.210754                  -0.603577 -1.090979   1.681219e-05      0.061585         3.934206e-05                  -0.480579
  PRO87-PRO1408 residue_residue     24      57          0.024096 35.423332  34.712650                  -0.710682 -1.089092   4.047490e-06      0.029771         8.083163e-06                  -0.455541
 PRO130-PRO1408 residue_residue     24      57          0.024096 40.143291  39.366547                  -0.776745 -1.073098   1.798204e-05      0.061585         1.303361e-05                  -0.429700
 PRO127-PRO1408 residue_residue     24      57          0.024096 44.012623  43.266331                  -0.746292 -1.039035   2.698356e-05      0.070427         3.678071e-05                  -0.427311
  PRO90-PRO1408 residue_residue     24      57          0.024096 33.961624  33.227299                  -0.734325 -1.037053   7.510229e-06      0.033758         4.703023e-05                  -0.423230
  PRO14-PRO1408 residue_residue     24      57          0.024096 30.461708  29.893246                  -0.568462 -1.033551   1.405084e-05      0.056843         7.952620e-05                  -0.448754
  PRO81-PRO1408 residue_residue     24      57          0.024096 30.237040  29.599562                  -0.637478 -1.029956   3.727899e-05      0.077340         5.863850e-05                  -0.432634

Saved:
/home/yihengcai0006/yihengcai_ucl_essay_work/thesis_features_analysis/results/batch0100/tables/low_high_feature_ranking_all.tsv
/home/yihengcai0006/yihengcai_ucl_essay_work/thesis_features_analysis/results/batch0100/tables/low_high_feature_ranking_quality_filtered.tsv
/home/yihengcai0006/yihengcai_ucl_essay_work/thesis_features_analysis/results/batch0100/tables/low_high_feature_ranking_residue_ligand.tsv
/home/yihengcai0006/yihengcai_ucl_essay_work/thesis_features_analysis/results/batch0100/tables/low_high_feature_ranking_residue_cofactor.tsv
/home/yihengcai0006/yihengcai_ucl_essay_work/thesis_features_analysis/results/batch0100/tables/low_high_feature_ranking_residue_residue.tsv
/home/yihengcai0006/yihengcai_ucl_essay_work/thesis_features_analysis/results/batch0100/tables/low_high_feature_ranking_cofactor_ligand.tsv
/home/yihengcai0006/yihengcai_ucl_essay_work/thesis_features_analysis/results/batch0100/tables/low_high_feature_ranking_ligand_related.tsv
/home/yihengcai0006/yihengcai_ucl_essay_work/thesis_features_analysis/results/batch0100/tables/top_features_higher_in_high.tsv
/home/yihengcai0006/yihengcai_ucl_essay_work/thesis_features_analysis/results/batch0100/tables/top_features_higher_in_low.tsv
/home/yihengcai0006/yihengcai_ucl_essay_work/thesis_features_analysis/results/batch0100/tables/all_feature_type_summary.tsv
/home/yihengcai0006/yihengcai_ucl_essay_work/thesis_features_analysis/results/batch0100/tables/02_rank_all_low_high_features_summary.tsv

Done.
