Starting final nested CV for batch0100...
Output directory:
/home/yihengcai0006/yihengcai_ucl_essay_work/thesis_features_analysis/results/batch0100/nested_cv/final

Cross-validation configuration:
  outer folds: 5
  outer repeats: 5
  inner folds: 5
  GridSearchCV n_jobs: 2

Clear low/high dataset:
  samples: 83
  class counts: {'high': 57, 'low': 26}

Formal feature sets:
  residue_ligand: 21
  residue_cofactor: 83
  residue_residue: 3982
  combined_all: 4086

========================================================================
Feature set: residue_ligand
Input features: 21
Outer models: 25
k grid: [4, 8, 12, 'all']
C grid: [0.01, 0.1, 1.0, 10.0, 100.0]
========================================================================

[residue_ligand] outer split 1/25 (repeat 1, fold 1)
  train/test: 66/17
  training counts: {'high': 46, 'low': 20}
  best k/C: all / 0.01
  inner BA: 0.596
  outer BA/AUC/MCC: 0.727 / 0.909 / 0.477
  selected features: 21
  elapsed: 4.4 s

[residue_ligand] outer split 2/25 (repeat 1, fold 2)
  train/test: 66/17
  training counts: {'high': 45, 'low': 21}
  best k/C: all / 0.01
  inner BA: 0.610
  outer BA/AUC/MCC: 0.717 / 0.683 / 0.433
  selected features: 21
  elapsed: 1.2 s

[residue_ligand] outer split 3/25 (repeat 1, fold 3)
  train/test: 66/17
  training counts: {'high': 45, 'low': 21}
  best k/C: 4 / 0.01
  inner BA: 0.662
  outer BA/AUC/MCC: 0.550 / 0.617 / 0.091
  selected features: 4
  elapsed: 1.2 s

[residue_ligand] outer split 4/25 (repeat 1, fold 4)
  train/test: 67/16
  training counts: {'high': 46, 'low': 21}
  best k/C: all / 0.1
  inner BA: 0.747
  outer BA/AUC/MCC: 0.382 / 0.509 / -0.221
  selected features: 21
  elapsed: 1.3 s

[residue_ligand] outer split 5/25 (repeat 1, fold 5)
  train/test: 67/16
  training counts: {'high': 46, 'low': 21}
  best k/C: 12 / 0.1
  inner BA: 0.637
  outer BA/AUC/MCC: 0.709 / 0.709 / 0.418
  selected features: 12
  elapsed: 1.3 s

[residue_ligand] outer split 6/25 (repeat 2, fold 1)
  train/test: 66/17
  training counts: {'high': 46, 'low': 20}
  best k/C: all / 100
  inner BA: 0.632
  outer BA/AUC/MCC: 0.402 / 0.470 / -0.207
  selected features: 21
  elapsed: 1.3 s

[residue_ligand] outer split 7/25 (repeat 2, fold 2)
  train/test: 66/17
  training counts: {'high': 45, 'low': 21}
  best k/C: 4 / 0.01
  inner BA: 0.668
  outer BA/AUC/MCC: 0.592 / 0.533 / 0.167
  selected features: 4
  elapsed: 1.2 s

[residue_ligand] outer split 8/25 (repeat 2, fold 3)
  train/test: 66/17
  training counts: {'high': 45, 'low': 21}
  best k/C: 12 / 0.01
  inner BA: 0.657
  outer BA/AUC/MCC: 0.708 / 0.800 / 0.417
  selected features: 12
  elapsed: 1.2 s

[residue_ligand] outer split 9/25 (repeat 2, fold 4)
  train/test: 67/16
  training counts: {'high': 46, 'low': 21}
  best k/C: 4 / 1
  inner BA: 0.676
  outer BA/AUC/MCC: 0.655 / 0.436 / 0.367
  selected features: 4
  elapsed: 1.2 s

[residue_ligand] outer split 10/25 (repeat 2, fold 5)
  train/test: 67/16
  training counts: {'high': 46, 'low': 21}
  best k/C: 12 / 0.01
  inner BA: 0.674
  outer BA/AUC/MCC: 0.627 / 0.636 / 0.244
  selected features: 12
  elapsed: 1.3 s

[residue_ligand] outer split 11/25 (repeat 3, fold 1)
  train/test: 66/17
  training counts: {'high': 46, 'low': 20}
  best k/C: all / 0.1
  inner BA: 0.691
  outer BA/AUC/MCC: 0.523 / 0.561 / 0.044
  selected features: 21
  elapsed: 1.3 s

[residue_ligand] outer split 12/25 (repeat 3, fold 2)
  train/test: 66/17
  training counts: {'high': 45, 'low': 21}
  best k/C: all / 0.1
  inner BA: 0.691
  outer BA/AUC/MCC: 0.492 / 0.500 / -0.015
  selected features: 21
  elapsed: 1.3 s

[residue_ligand] outer split 13/25 (repeat 3, fold 3)
  train/test: 66/17
  training counts: {'high': 45, 'low': 21}
  best k/C: all / 0.01
  inner BA: 0.705
  outer BA/AUC/MCC: 0.567 / 0.717 / 0.133
  selected features: 21
  elapsed: 1.2 s

[residue_ligand] outer split 14/25 (repeat 3, fold 4)
  train/test: 67/16
  training counts: {'high': 46, 'low': 21}
  best k/C: 12 / 0.1
  inner BA: 0.621
  outer BA/AUC/MCC: 0.809 / 0.836 / 0.592
  selected features: 12
  elapsed: 1.4 s

[residue_ligand] outer split 15/25 (repeat 3, fold 5)
  train/test: 67/16
  training counts: {'high': 46, 'low': 21}
  best k/C: 4 / 0.01
  inner BA: 0.593
  outer BA/AUC/MCC: 0.518 / 0.600 / 0.035
  selected features: 4
  elapsed: 1.3 s

[residue_ligand] outer split 16/25 (repeat 4, fold 1)
  train/test: 66/17
  training counts: {'high': 46, 'low': 20}
  best k/C: 12 / 0.1
  inner BA: 0.641
  outer BA/AUC/MCC: 0.742 / 0.697 / 0.485
  selected features: 12
  elapsed: 1.3 s

[residue_ligand] outer split 17/25 (repeat 4, fold 2)
  train/test: 66/17
  training counts: {'high': 45, 'low': 21}
  best k/C: 4 / 0.1
  inner BA: 0.749
  outer BA/AUC/MCC: 0.433 / 0.267 / -0.133
  selected features: 4
  elapsed: 1.2 s

[residue_ligand] outer split 18/25 (repeat 4, fold 3)
  train/test: 66/17
  training counts: {'high': 45, 'low': 21}
  best k/C: all / 0.1
  inner BA: 0.636
  outer BA/AUC/MCC: 0.550 / 0.667 / 0.091
  selected features: 21
  elapsed: 1.3 s

[residue_ligand] outer split 19/25 (repeat 4, fold 4)
  train/test: 67/16
  training counts: {'high': 46, 'low': 21}
  best k/C: 8 / 0.01
  inner BA: 0.658
  outer BA/AUC/MCC: 0.618 / 0.709 / 0.221
  selected features: 8
  elapsed: 1.7 s

[residue_ligand] outer split 20/25 (repeat 4, fold 5)
  train/test: 67/16
  training counts: {'high': 46, 'low': 21}
  best k/C: 4 / 0.01
  inner BA: 0.693
  outer BA/AUC/MCC: 0.536 / 0.527 / 0.078
  selected features: 4
  elapsed: 1.2 s

[residue_ligand] outer split 21/25 (repeat 5, fold 1)
  train/test: 66/17
  training counts: {'high': 46, 'low': 20}
  best k/C: 8 / 1
  inner BA: 0.737
  outer BA/AUC/MCC: 0.477 / 0.364 / -0.044
  selected features: 8
  elapsed: 1.3 s

[residue_ligand] outer split 22/25 (repeat 5, fold 2)
  train/test: 66/17
  training counts: {'high': 45, 'low': 21}
  best k/C: 8 / 0.01
  inner BA: 0.604
  outer BA/AUC/MCC: 0.650 / 0.800 / 0.278
  selected features: 8
  elapsed: 1.2 s

[residue_ligand] outer split 23/25 (repeat 5, fold 3)
  train/test: 66/17
  training counts: {'high': 45, 'low': 21}
  best k/C: 4 / 1
  inner BA: 0.702
  outer BA/AUC/MCC: 0.433 / 0.383 / -0.133
  selected features: 4
  elapsed: 2.0 s

[residue_ligand] outer split 24/25 (repeat 5, fold 4)
  train/test: 67/16
  training counts: {'high': 46, 'low': 21}
  best k/C: 8 / 1
  inner BA: 0.622
  outer BA/AUC/MCC: 0.473 / 0.564 / -0.051
  selected features: 8
  elapsed: 1.2 s

[residue_ligand] outer split 25/25 (repeat 5, fold 5)
  train/test: 67/16
  training counts: {'high': 46, 'low': 21}
  best k/C: 12 / 0.01
  inner BA: 0.631
  outer BA/AUC/MCC: 0.682 / 0.855 / 0.389
  selected features: 12
  elapsed: 1.2 s

========================================================================
Feature set: residue_cofactor
Input features: 83
Outer models: 25
k grid: [5, 10, 20, 40, 'all']
C grid: [0.01, 0.1, 1.0, 10.0, 100.0]
========================================================================

[residue_cofactor] outer split 1/25 (repeat 1, fold 1)
  train/test: 66/17
  training counts: {'high': 46, 'low': 20}
  best k/C: 20 / 1
  inner BA: 0.549
  outer BA/AUC/MCC: 0.576 / 0.773 / 0.171
  selected features: 20
  elapsed: 1.7 s

[residue_cofactor] outer split 2/25 (repeat 1, fold 2)
  train/test: 66/17
  training counts: {'high': 45, 'low': 21}
  best k/C: 10 / 10
  inner BA: 0.558
  outer BA/AUC/MCC: 0.467 / 0.600 / -0.064
  selected features: 10
  elapsed: 1.7 s

[residue_cofactor] outer split 3/25 (repeat 1, fold 3)
  train/test: 66/17
  training counts: {'high': 45, 'low': 21}
  best k/C: 40 / 0.01
  inner BA: 0.682
  outer BA/AUC/MCC: 0.450 / 0.450 / -0.091
  selected features: 40
  elapsed: 1.7 s

[residue_cofactor] outer split 4/25 (repeat 1, fold 4)
  train/test: 67/16
  training counts: {'high': 46, 'low': 21}
  best k/C: 20 / 0.1
  inner BA: 0.719
  outer BA/AUC/MCC: 0.664 / 0.527 / 0.313
  selected features: 20
  elapsed: 1.7 s

[residue_cofactor] outer split 5/25 (repeat 1, fold 5)
  train/test: 67/16
  training counts: {'high': 46, 'low': 21}
  best k/C: all / 100
  inner BA: 0.549
  outer BA/AUC/MCC: 0.518 / 0.564 / 0.035
  selected features: 77
  elapsed: 1.7 s

[residue_cofactor] outer split 6/25 (repeat 2, fold 1)
  train/test: 66/17
  training counts: {'high': 46, 'low': 20}
  best k/C: 20 / 0.01
  inner BA: 0.708
  outer BA/AUC/MCC: 0.697 / 0.621 / 0.383
  selected features: 20
  elapsed: 1.7 s

[residue_cofactor] outer split 7/25 (repeat 2, fold 2)
  train/test: 66/17
  training counts: {'high': 45, 'low': 21}
  best k/C: 5 / 0.01
  inner BA: 0.672
  outer BA/AUC/MCC: 0.650 / 0.650 / 0.278
  selected features: 5
  elapsed: 1.7 s

[residue_cofactor] outer split 8/25 (repeat 2, fold 3)
  train/test: 66/17
  training counts: {'high': 45, 'low': 21}
  best k/C: 10 / 10
  inner BA: 0.612
  outer BA/AUC/MCC: 0.733 / 0.733 / 0.426
  selected features: 10
  elapsed: 1.7 s

[residue_cofactor] outer split 9/25 (repeat 2, fold 4)
  train/test: 67/16
  training counts: {'high': 46, 'low': 21}
  best k/C: 40 / 0.01
  inner BA: 0.691
  outer BA/AUC/MCC: 0.427 / 0.545 / -0.135
  selected features: 40
  elapsed: 1.7 s

[residue_cofactor] outer split 10/25 (repeat 2, fold 5)
  train/test: 67/16
  training counts: {'high': 46, 'low': 21}
  best k/C: 5 / 0.1
  inner BA: 0.543
  outer BA/AUC/MCC: 0.718 / 0.764 / 0.405
  selected features: 5
  elapsed: 1.7 s

[residue_cofactor] outer split 11/25 (repeat 3, fold 1)
  train/test: 66/17
  training counts: {'high': 46, 'low': 20}
  best k/C: 40 / 0.01
  inner BA: 0.652
  outer BA/AUC/MCC: 0.652 / 0.530 / 0.290
  selected features: 40
  elapsed: 1.7 s

[residue_cofactor] outer split 12/25 (repeat 3, fold 2)
  train/test: 66/17
  training counts: {'high': 45, 'low': 21}
  best k/C: 5 / 0.01
  inner BA: 0.774
  outer BA/AUC/MCC: 0.508 / 0.583 / 0.015
  selected features: 5
  elapsed: 1.7 s

[residue_cofactor] outer split 13/25 (repeat 3, fold 3)
  train/test: 66/17
  training counts: {'high': 45, 'low': 21}
  best k/C: all / 0.01
  inner BA: 0.674
  outer BA/AUC/MCC: 0.633 / 0.633 / 0.247
  selected features: 77
  elapsed: 1.7 s

[residue_cofactor] outer split 14/25 (repeat 3, fold 4)
  train/test: 67/16
  training counts: {'high': 46, 'low': 21}
  best k/C: 20 / 0.1
  inner BA: 0.613
  outer BA/AUC/MCC: 0.864 / 0.836 / 0.674
  selected features: 20
  elapsed: 1.7 s

[residue_cofactor] outer split 15/25 (repeat 3, fold 5)
  train/test: 67/16
  training counts: {'high': 46, 'low': 21}
  best k/C: 5 / 0.01
  inner BA: 0.666
  outer BA/AUC/MCC: 0.673 / 0.618 / 0.323
  selected features: 5
  elapsed: 1.7 s

[residue_cofactor] outer split 16/25 (repeat 4, fold 1)
  train/test: 66/17
  training counts: {'high': 46, 'low': 20}
  best k/C: 10 / 0.01
  inner BA: 0.596
  outer BA/AUC/MCC: 0.447 / 0.591 / -0.119
  selected features: 10
  elapsed: 1.7 s

[residue_cofactor] outer split 17/25 (repeat 4, fold 2)
  train/test: 66/17
  training counts: {'high': 45, 'low': 21}
  best k/C: 20 / 10
  inner BA: 0.632
  outer BA/AUC/MCC: 0.492 / 0.533 / -0.015
  selected features: 20
  elapsed: 1.7 s

[residue_cofactor] outer split 18/25 (repeat 4, fold 3)
  train/test: 66/17
  training counts: {'high': 45, 'low': 21}
  best k/C: 10 / 0.01
  inner BA: 0.749
  outer BA/AUC/MCC: 0.608 / 0.717 / 0.207
  selected features: 10
  elapsed: 1.7 s

[residue_cofactor] outer split 19/25 (repeat 4, fold 4)
  train/test: 67/16
  training counts: {'high': 46, 'low': 21}
  best k/C: 20 / 1
  inner BA: 0.668
  outer BA/AUC/MCC: 0.427 / 0.491 / -0.135
  selected features: 20
  elapsed: 1.7 s

[residue_cofactor] outer split 20/25 (repeat 4, fold 5)
  train/test: 67/16
  training counts: {'high': 46, 'low': 21}
  best k/C: 10 / 1
  inner BA: 0.739
  outer BA/AUC/MCC: 0.418 / 0.382 / -0.164
  selected features: 10
  elapsed: 1.8 s

[residue_cofactor] outer split 21/25 (repeat 5, fold 1)
  train/test: 66/17
  training counts: {'high': 46, 'low': 20}
  best k/C: 5 / 0.1
  inner BA: 0.611
  outer BA/AUC/MCC: 0.652 / 0.606 / 0.290
  selected features: 5
  elapsed: 1.7 s

[residue_cofactor] outer split 22/25 (repeat 5, fold 2)
  train/test: 66/17
  training counts: {'high': 45, 'low': 21}
  best k/C: 20 / 10
  inner BA: 0.638
  outer BA/AUC/MCC: 0.475 / 0.500 / -0.054
  selected features: 20
  elapsed: 1.7 s

[residue_cofactor] outer split 23/25 (repeat 5, fold 3)
  train/test: 66/17
  training counts: {'high': 45, 'low': 21}
  best k/C: 10 / 0.01
  inner BA: 0.634
  outer BA/AUC/MCC: 0.675 / 0.683 / 0.334
  selected features: 10
  elapsed: 1.7 s

[residue_cofactor] outer split 24/25 (repeat 5, fold 4)
  train/test: 67/16
  training counts: {'high': 46, 'low': 21}
  best k/C: 20 / 0.01
  inner BA: 0.629
  outer BA/AUC/MCC: 0.718 / 0.745 / 0.405
  selected features: 20
  elapsed: 1.7 s

[residue_cofactor] outer split 25/25 (repeat 5, fold 5)
  train/test: 67/16
  training counts: {'high': 46, 'low': 21}
  best k/C: 5 / 0.01
  inner BA: 0.546
  outer BA/AUC/MCC: 0.709 / 0.764 / 0.418
  selected features: 5
  elapsed: 1.7 s

========================================================================
Feature set: residue_residue
Input features: 3982
Outer models: 25
k grid: [5, 10, 20, 50]
C grid: [0.01, 0.1, 1.0, 10.0, 100.0]
========================================================================

[residue_residue] outer split 1/25 (repeat 1, fold 1)
  train/test: 66/17
  training counts: {'high': 46, 'low': 20}
  best k/C: 20 / 0.1
  inner BA: 0.688
  outer BA/AUC/MCC: 0.485 / 0.591 / -0.030
  selected features: 20
  elapsed: 8.2 s

[residue_residue] outer split 2/25 (repeat 1, fold 2)
  train/test: 66/17
  training counts: {'high': 45, 'low': 21}
  best k/C: 5 / 100
  inner BA: 0.660
  outer BA/AUC/MCC: 0.858 / 0.817 / 0.717
  selected features: 5
  elapsed: 8.1 s

[residue_residue] outer split 3/25 (repeat 1, fold 3)
  train/test: 66/17
  training counts: {'high': 45, 'low': 21}
  best k/C: 10 / 1
  inner BA: 0.613
  outer BA/AUC/MCC: 0.675 / 0.800 / 0.334
  selected features: 10
  elapsed: 8.1 s

[residue_residue] outer split 4/25 (repeat 1, fold 4)
  train/test: 67/16
  training counts: {'high': 46, 'low': 21}
  best k/C: 50 / 1
  inner BA: 0.672
  outer BA/AUC/MCC: 0.600 / 0.400 / 0.383
  selected features: 50
  elapsed: 8.1 s

[residue_residue] outer split 5/25 (repeat 1, fold 5)
  train/test: 67/16
  training counts: {'high': 46, 'low': 21}
  best k/C: 5 / 1
  inner BA: 0.702
  outer BA/AUC/MCC: 0.473 / 0.655 / -0.051
  selected features: 5
  elapsed: 8.1 s

[residue_residue] outer split 6/25 (repeat 2, fold 1)
  train/test: 66/17
  training counts: {'high': 46, 'low': 20}
  best k/C: 20 / 0.1
  inner BA: 0.677
  outer BA/AUC/MCC: 0.606 / 0.561 / 0.203
  selected features: 20
  elapsed: 8.0 s

[residue_residue] outer split 7/25 (repeat 2, fold 2)
  train/test: 66/17
  training counts: {'high': 45, 'low': 21}
  best k/C: 50 / 1
  inner BA: 0.532
  outer BA/AUC/MCC: 0.758 / 0.817 / 0.555
  selected features: 50
  elapsed: 8.1 s

[residue_residue] outer split 8/25 (repeat 2, fold 3)
  train/test: 66/17
  training counts: {'high': 45, 'low': 21}
  best k/C: 5 / 100
  inner BA: 0.591
  outer BA/AUC/MCC: 0.858 / 0.817 / 0.717
  selected features: 5
  elapsed: 8.1 s

[residue_residue] outer split 9/25 (repeat 2, fold 4)
  train/test: 67/16
  training counts: {'high': 46, 'low': 21}
  best k/C: 20 / 1
  inner BA: 0.702
  outer BA/AUC/MCC: 0.709 / 0.836 / 0.418
  selected features: 20
  elapsed: 8.1 s

[residue_residue] outer split 10/25 (repeat 2, fold 5)
  train/test: 67/16
  training counts: {'high': 46, 'low': 21}
  best k/C: 50 / 100
  inner BA: 0.673
  outer BA/AUC/MCC: 0.573 / 0.473 / 0.135
  selected features: 50
  elapsed: 8.0 s

[residue_residue] outer split 11/25 (repeat 3, fold 1)
  train/test: 66/17
  training counts: {'high': 46, 'low': 20}
  best k/C: 20 / 10
  inner BA: 0.636
  outer BA/AUC/MCC: 0.659 / 0.818 / 0.334
  selected features: 20
  elapsed: 8.0 s

[residue_residue] outer split 12/25 (repeat 3, fold 2)
  train/test: 66/17
  training counts: {'high': 45, 'low': 21}
  best k/C: 10 / 100
  inner BA: 0.553
  outer BA/AUC/MCC: 0.817 / 0.883 / 0.604
  selected features: 10
  elapsed: 8.1 s

[residue_residue] outer split 13/25 (repeat 3, fold 3)
  train/test: 66/17
  training counts: {'high': 45, 'low': 21}
  best k/C: 10 / 100
  inner BA: 0.715
  outer BA/AUC/MCC: 0.692 / 0.717 / 0.350
  selected features: 10
  elapsed: 8.0 s

[residue_residue] outer split 14/25 (repeat 3, fold 4)
  train/test: 67/16
  training counts: {'high': 46, 'low': 21}
  best k/C: 10 / 10
  inner BA: 0.744
  outer BA/AUC/MCC: 0.527 / 0.655 / 0.051
  selected features: 10
  elapsed: 8.1 s

[residue_residue] outer split 15/25 (repeat 3, fold 5)
  train/test: 67/16
  training counts: {'high': 46, 'low': 21}
  best k/C: 10 / 1
  inner BA: 0.730
  outer BA/AUC/MCC: 0.518 / 0.655 / 0.035
  selected features: 10
  elapsed: 8.1 s

[residue_residue] outer split 16/25 (repeat 4, fold 1)
  train/test: 66/17
  training counts: {'high': 46, 'low': 20}
  best k/C: 10 / 0.1
  inner BA: 0.576
  outer BA/AUC/MCC: 0.735 / 0.727 / 0.450
  selected features: 10
  elapsed: 8.2 s

[residue_residue] outer split 17/25 (repeat 4, fold 2)
  train/test: 66/17
  training counts: {'high': 45, 'low': 21}
  best k/C: 20 / 100
  inner BA: 0.744
  outer BA/AUC/MCC: 0.675 / 0.717 / 0.334
  selected features: 20
  elapsed: 8.0 s

[residue_residue] outer split 18/25 (repeat 4, fold 3)
  train/test: 66/17
  training counts: {'high': 45, 'low': 21}
  best k/C: 10 / 0.1
  inner BA: 0.686
  outer BA/AUC/MCC: 0.433 / 0.433 / -0.133
  selected features: 10
  elapsed: 8.1 s

[residue_residue] outer split 19/25 (repeat 4, fold 4)
  train/test: 67/16
  training counts: {'high': 46, 'low': 21}
  best k/C: 10 / 1
  inner BA: 0.839
  outer BA/AUC/MCC: 0.618 / 0.727 / 0.221
  selected features: 10
  elapsed: 8.1 s

[residue_residue] outer split 20/25 (repeat 4, fold 5)
  train/test: 67/16
  training counts: {'high': 46, 'low': 21}
  best k/C: 10 / 10
  inner BA: 0.773
  outer BA/AUC/MCC: 0.609 / 0.836 / 0.234
  selected features: 10
  elapsed: 8.0 s

[residue_residue] outer split 21/25 (repeat 5, fold 1)
  train/test: 66/17
  training counts: {'high': 46, 'low': 20}
  best k/C: 5 / 100
  inner BA: 0.715
  outer BA/AUC/MCC: 0.523 / 0.742 / 0.044
  selected features: 5
  elapsed: 8.1 s

[residue_residue] outer split 22/25 (repeat 5, fold 2)
  train/test: 66/17
  training counts: {'high': 45, 'low': 21}
  best k/C: 5 / 100
  inner BA: 0.693
  outer BA/AUC/MCC: 0.817 / 0.833 / 0.604
  selected features: 5
  elapsed: 8.4 s

[residue_residue] outer split 23/25 (repeat 5, fold 3)
  train/test: 66/17
  training counts: {'high': 45, 'low': 21}
  best k/C: 50 / 0.1
  inner BA: 0.634
  outer BA/AUC/MCC: 0.633 / 0.733 / 0.247
  selected features: 50
  elapsed: 8.1 s

[residue_residue] outer split 24/25 (repeat 5, fold 4)
  train/test: 67/16
  training counts: {'high': 46, 'low': 21}
  best k/C: 20 / 1
  inner BA: 0.695
  outer BA/AUC/MCC: 0.609 / 0.782 / 0.234
  selected features: 20
  elapsed: 8.2 s

[residue_residue] outer split 25/25 (repeat 5, fold 5)
  train/test: 67/16
  training counts: {'high': 46, 'low': 21}
  best k/C: 20 / 100
  inner BA: 0.682
  outer BA/AUC/MCC: 0.609 / 0.782 / 0.234
  selected features: 20
  elapsed: 8.0 s

========================================================================
Feature set: combined_all
Input features: 4086
Outer models: 25
k grid: [5, 10, 20, 50]
C grid: [0.01, 0.1, 1.0, 10.0, 100.0]
========================================================================

[combined_all] outer split 1/25 (repeat 1, fold 1)
  train/test: 66/17
  training counts: {'high': 46, 'low': 20}
  best k/C: 20 / 0.1
  inner BA: 0.688
  outer BA/AUC/MCC: 0.485 / 0.591 / -0.030
  selected features: 20
  elapsed: 8.8 s

[combined_all] outer split 2/25 (repeat 1, fold 2)
  train/test: 66/17
  training counts: {'high': 45, 'low': 21}
  best k/C: 10 / 0.01
  inner BA: 0.668
  outer BA/AUC/MCC: 0.308 / 0.467 / -0.350
  selected features: 10
  elapsed: 8.2 s

[combined_all] outer split 3/25 (repeat 1, fold 3)
  train/test: 66/17
  training counts: {'high': 45, 'low': 21}
  best k/C: 5 / 0.01
  inner BA: 0.576
  outer BA/AUC/MCC: 0.775 / 0.917 / 0.509
  selected features: 5
  elapsed: 8.3 s

[combined_all] outer split 4/25 (repeat 1, fold 4)
  train/test: 67/16
  training counts: {'high': 46, 'low': 21}
  best k/C: 50 / 1
  inner BA: 0.745
  outer BA/AUC/MCC: 0.555 / 0.491 / 0.153
  selected features: 50
  elapsed: 8.2 s

[combined_all] outer split 5/25 (repeat 1, fold 5)
  train/test: 67/16
  training counts: {'high': 46, 'low': 21}
  best k/C: 5 / 1
  inner BA: 0.702
  outer BA/AUC/MCC: 0.473 / 0.655 / -0.051
  selected features: 5
  elapsed: 8.3 s

[combined_all] outer split 6/25 (repeat 2, fold 1)
  train/test: 66/17
  training counts: {'high': 46, 'low': 20}
  best k/C: 5 / 10
  inner BA: 0.644
  outer BA/AUC/MCC: 0.735 / 0.682 / 0.450
  selected features: 5
  elapsed: 8.2 s

[combined_all] outer split 7/25 (repeat 2, fold 2)
  train/test: 66/17
  training counts: {'high': 45, 'low': 21}
  best k/C: 10 / 100
  inner BA: 0.609
  outer BA/AUC/MCC: 0.758 / 0.883 / 0.555
  selected features: 10
  elapsed: 8.2 s

[combined_all] outer split 8/25 (repeat 2, fold 3)
  train/test: 66/17
  training counts: {'high': 45, 'low': 21}
  best k/C: 5 / 100
  inner BA: 0.591
  outer BA/AUC/MCC: 0.858 / 0.817 / 0.717
  selected features: 5
  elapsed: 8.2 s

[combined_all] outer split 9/25 (repeat 2, fold 4)
  train/test: 67/16
  training counts: {'high': 46, 'low': 21}
  best k/C: 10 / 10
  inner BA: 0.688
  outer BA/AUC/MCC: 0.809 / 0.873 / 0.592
  selected features: 10
  elapsed: 8.1 s

[combined_all] outer split 10/25 (repeat 2, fold 5)
  train/test: 67/16
  training counts: {'high': 46, 'low': 21}
  best k/C: 5 / 10
  inner BA: 0.668
  outer BA/AUC/MCC: 0.473 / 0.455 / -0.051
  selected features: 5
  elapsed: 8.2 s

[combined_all] outer split 11/25 (repeat 3, fold 1)
  train/test: 66/17
  training counts: {'high': 46, 'low': 20}
  best k/C: 20 / 10
  inner BA: 0.694
  outer BA/AUC/MCC: 0.659 / 0.818 / 0.334
  selected features: 20
  elapsed: 8.1 s

[combined_all] outer split 12/25 (repeat 3, fold 2)
  train/test: 66/17
  training counts: {'high': 45, 'low': 21}
  best k/C: 20 / 0.1
  inner BA: 0.605
  outer BA/AUC/MCC: 0.633 / 0.683 / 0.247
  selected features: 20
  elapsed: 8.1 s

[combined_all] outer split 13/25 (repeat 3, fold 3)
  train/test: 66/17
  training counts: {'high': 45, 'low': 21}
  best k/C: 10 / 100
  inner BA: 0.735
  outer BA/AUC/MCC: 0.692 / 0.717 / 0.350
  selected features: 10
  elapsed: 8.1 s

[combined_all] outer split 14/25 (repeat 3, fold 4)
  train/test: 67/16
  training counts: {'high': 46, 'low': 21}
  best k/C: 10 / 10
  inner BA: 0.744
  outer BA/AUC/MCC: 0.527 / 0.655 / 0.051
  selected features: 10
  elapsed: 8.2 s

[combined_all] outer split 15/25 (repeat 3, fold 5)
  train/test: 67/16
  training counts: {'high': 46, 'low': 21}
  best k/C: 10 / 1
  inner BA: 0.755
  outer BA/AUC/MCC: 0.518 / 0.655 / 0.035
  selected features: 10
  elapsed: 8.1 s

[combined_all] outer split 16/25 (repeat 4, fold 1)
  train/test: 66/17
  training counts: {'high': 46, 'low': 20}
  best k/C: 10 / 0.1
  inner BA: 0.590
  outer BA/AUC/MCC: 0.735 / 0.727 / 0.450
  selected features: 10
  elapsed: 8.1 s

[combined_all] outer split 17/25 (repeat 4, fold 2)
  train/test: 66/17
  training counts: {'high': 45, 'low': 21}
  best k/C: 20 / 0.1
  inner BA: 0.754
  outer BA/AUC/MCC: 0.433 / 0.550 / -0.133
  selected features: 20
  elapsed: 8.2 s

[combined_all] outer split 18/25 (repeat 4, fold 3)
  train/test: 66/17
  training counts: {'high': 45, 'low': 21}
  best k/C: 10 / 0.1
  inner BA: 0.686
  outer BA/AUC/MCC: 0.433 / 0.433 / -0.133
  selected features: 10
  elapsed: 8.2 s

[combined_all] outer split 19/25 (repeat 4, fold 4)
  train/test: 67/16
  training counts: {'high': 46, 'low': 21}
  best k/C: 10 / 1
  inner BA: 0.828
  outer BA/AUC/MCC: 0.664 / 0.800 / 0.313
  selected features: 10
  elapsed: 8.3 s

[combined_all] outer split 20/25 (repeat 4, fold 5)
  train/test: 67/16
  training counts: {'high': 46, 'low': 21}
  best k/C: 5 / 1
  inner BA: 0.773
  outer BA/AUC/MCC: 0.564 / 0.800 / 0.127
  selected features: 5
  elapsed: 8.2 s

[combined_all] outer split 21/25 (repeat 5, fold 1)
  train/test: 66/17
  training counts: {'high': 46, 'low': 20}
  best k/C: 20 / 1
  inner BA: 0.679
  outer BA/AUC/MCC: 0.652 / 0.621 / 0.290
  selected features: 20
  elapsed: 8.2 s

[combined_all] outer split 22/25 (repeat 5, fold 2)
  train/test: 66/17
  training counts: {'high': 45, 'low': 21}
  best k/C: 5 / 10
  inner BA: 0.671
  outer BA/AUC/MCC: 0.817 / 0.833 / 0.604
  selected features: 5
  elapsed: 8.2 s

[combined_all] outer split 23/25 (repeat 5, fold 3)
  train/test: 66/17
  training counts: {'high': 45, 'low': 21}
  best k/C: 50 / 1
  inner BA: 0.665
  outer BA/AUC/MCC: 0.817 / 0.817 / 0.604
  selected features: 50
  elapsed: 8.2 s

[combined_all] outer split 24/25 (repeat 5, fold 4)
  train/test: 67/16
  training counts: {'high': 46, 'low': 21}
  best k/C: 20 / 100
  inner BA: 0.697
  outer BA/AUC/MCC: 0.609 / 0.745 / 0.234
  selected features: 20
  elapsed: 8.2 s

[combined_all] outer split 25/25 (repeat 5, fold 5)
  train/test: 67/16
  training counts: {'high': 46, 'low': 21}
  best k/C: 20 / 10
  inner BA: 0.682
  outer BA/AUC/MCC: 0.609 / 0.764 / 0.234
  selected features: 20
  elapsed: 8.2 s

========================================================================
Dummy baseline: prior strategy
========================================================================
Dummy split 1/25: BA=0.500, accuracy=0.647
Dummy split 2/25: BA=0.500, accuracy=0.706
Dummy split 3/25: BA=0.500, accuracy=0.706
Dummy split 4/25: BA=0.500, accuracy=0.688
Dummy split 5/25: BA=0.500, accuracy=0.688
Dummy split 6/25: BA=0.500, accuracy=0.647
Dummy split 7/25: BA=0.500, accuracy=0.706
Dummy split 8/25: BA=0.500, accuracy=0.706
Dummy split 9/25: BA=0.500, accuracy=0.688
Dummy split 10/25: BA=0.500, accuracy=0.688
Dummy split 11/25: BA=0.500, accuracy=0.647
Dummy split 12/25: BA=0.500, accuracy=0.706
Dummy split 13/25: BA=0.500, accuracy=0.706
Dummy split 14/25: BA=0.500, accuracy=0.688
Dummy split 15/25: BA=0.500, accuracy=0.688
Dummy split 16/25: BA=0.500, accuracy=0.647
Dummy split 17/25: BA=0.500, accuracy=0.706
Dummy split 18/25: BA=0.500, accuracy=0.706
Dummy split 19/25: BA=0.500, accuracy=0.688
Dummy split 20/25: BA=0.500, accuracy=0.688
Dummy split 21/25: BA=0.500, accuracy=0.647
Dummy split 22/25: BA=0.500, accuracy=0.706
Dummy split 23/25: BA=0.500, accuracy=0.706
Dummy split 24/25: BA=0.500, accuracy=0.688
Dummy split 25/25: BA=0.500, accuracy=0.688

========================================================================
Nested-CV summary
========================================================================
         model_type      feature_set  balanced_accuracy_mean  balanced_accuracy_std  roc_auc_low_mean  roc_auc_low_std  mcc_mean  mcc_std  recall_low_mean  precision_low_mean
        dummy_prior      dummy_prior                0.500000               0.000000          0.500000         0.000000  0.000000 0.000000         0.000000            0.000000
logistic_regression     combined_all                0.623606               0.144914          0.697879         0.140434  0.243922 0.279228         0.542667            0.468079
logistic_regression residue_cofactor                0.594030               0.122313          0.617636         0.113036  0.177416 0.231295         0.572000            0.402994
logistic_regression   residue_ligand                0.582879               0.117582          0.613939         0.163261  0.166227 0.235677         0.593333            0.396222
logistic_regression  residue_residue                0.642788               0.118594          0.712242         0.132015  0.288759 0.234529         0.561333            0.516825

Output row counts:
  model metrics: 100
  model predictions: 1660
  best parameters: 100
  selected-feature rows: 1644
  dummy metrics: 25
  dummy predictions: 415

Saved outputs to:
/home/yihengcai0006/yihengcai_ucl_essay_work/thesis_features_analysis/results/batch0100/nested_cv/final

Total elapsed time: 8.49 minutes

Done.
